IdCompania      IdFidelizado    IdTipoDocumento IdBarrio    IdCiudad Fidelizado                                                   Puntos        FechaVigencia           Contrasena                       FechaCreacion           Volumen       IdCentroVenta DireccionIP     IdUsuario       PorcentajePuntos PuntosReservados
--------------- --------------- --------------- ----------- -------- ------------------------------------------------------------ ------------- ----------------------- -------------------------------- ----------------------- ------------- ------------- --------------- --------------- ---------------- ----------------
900522263       10223654        1               NULL        76001    LUIS ROMERO                                                  152,8972      2023-01-25 13:04:04.473 NULL                             2022-11-23 08:54:44.630 0             1             ::1             94493958        0                0
900522263       10228926        1               NULL        76892    PEDRO BETANCOHUR                                             20,0121       2023-02-15 10:21:17.510 NULL                             2023-01-02 12:31:53.107 0             1             ::1             94493958        0                0
900522263       1059905468      1               NULL        76001    JHON JAIRO CHILITO                                           224,9666      2023-03-22 15:18:43.963 NULL                             2022-11-28 13:47:21.080 0             1             ::1             94493958        0                0
900522263       1061724876      1               NULL        76001    MIGUEL ASTAIZA                                               445,8117      2023-03-25 05:21:33.900 NULL                             2022-12-01 10:54:59.167 0             1             ::1             94493958        0                0
900522263       1061750261      1               NULL        76001    JULIAN SANDOVAL                                              7,493042      2023-02-13 14:34:53.087 NULL                             2022-12-01 11:22:27.757 0             1             ::1             94493958        0                0
900522263       10695837        1               NULL        91263    ADEMIR LARRAHONDO                                            0             2023-03-25 12:03:07.280 NULL                             2023-03-25 12:03:07.250 0             1             ::1             94493958        0                0
900522263       1107034484      1               NULL        76001    NILSON MULATO                                                318,4121      2023-03-27 12:21:53.980 NULL                             2022-11-26 11:43:07.357 0             1             ::1             94493958        0                0
900522263       1114728140      1               0           76020    CARLOS ALBERTO ANACONA                                       395,5329      2023-03-27 07:15:17.083 NULL                             2022-11-19 12:32:45.940 0             1             ::1             94493958        0                0
900522263       1118256058      1               NULL        76001    JHON JAIRO M                                                 0             2022-12-10 09:54:17.773 NULL                             2022-12-10 09:54:17.773 0             1             ::1             94493958        0                0
900522263       1118288497      1               NULL        76892    JHON MAURICIO RODRIGUEZ                                      56,0733       2023-03-22 07:59:48.397 NULL                             2022-12-20 13:07:32.770 0             1             ::1             94493958        0                0
900522263       1130676706      1               NULL        76001    JONATHAN ALEJANDRO PANESSO                                   176,9178      2023-03-24 14:00:39.443 NULL                             2022-11-08 13:32:29.747 0             1             ::1             94493958        0                0
900522263       12270632        1               NULL        76001    MISAELHURTADO VARGAS                                         49,3219       2023-03-24 11:36:20.227 NULL                             2022-12-01 13:22:47.863 0             1             ::1             94493958        0                0
900522263       12989292        1               NULL        76001    FRANCISCO JAVIER                                             36,267        2023-03-24 18:57:35.863 NULL                             2023-03-09 12:56:55.517 0             1             ::1             94493958        0                0
900522263       14237285        1               NULL        76001    JORGE CANOLE                                                 94,98219      2023-01-26 09:58:53.537 NULL                             2022-12-07 11:53:37.777 0             1             ::1             94493958        0                0
900522263       14442095        1               NULL        76001    LEONARDO HOYOS PEREZ                                         246,5715      2023-03-09 16:49:54.017 NULL                             2022-11-28 12:35:39.333 0             1             ::1             94493958        0                0
900522263       14450792        1               NULL        76001    MARIO DE JESUS HERNANDES                                     768,2188      2023-03-24 06:06:09.610 NULL                             2022-12-05 10:10:07.103 0             1             ::1             94493958        0                0
900522263       14577347        1               NULL        91263    JORGE HERNANDEZ PIZARRO                                      16,2116       2023-03-13 18:52:23.007 NULL                             2022-12-05 13:45:28.350 0             1             ::1             94493958        0                0
900522263       14609721        1               NULL        76001    ROLANDO ORTIZ                                                48,20974      2023-03-27 11:22:46.983 NULL                             2022-11-26 07:53:10.957 0             1             ::1             94493958        0                0
900522263       16276147        1               NULL        76001    MARIO EMILO CASTRO                                           16,2983       2023-03-18 00:02:47.410 NULL                             2023-03-09 12:53:36.497 0             1             ::1             94493958        0                0
900522263       16449969        1               NULL        76001    ANIVAL SAMBONI                                               85,85062      2023-03-24 13:32:01.247 NULL                             2022-12-02 10:53:19.173 0             1             ::1             94493958        0                0
900522263       16456923        1               NULL        91263    NILXON PAlOMINO LABRADA                                      34,11861      2023-03-26 07:38:22.787 NULL                             2022-11-19 08:40:55.073 0             1             ::1             94493958        0                0
900522263       16458644        1               NULL        76892    FRANSUADY BALLESTEROS                                        219,7662      2023-03-27 10:51:53.400 NULL                             2023-02-02 08:12:05.337 0             1             ::1             94493958        0                0
900522263       16459780        1               NULL        91263    ADRIAN NOREÑA                                                13,1822       2023-03-25 16:31:26.627 NULL                             2023-03-24 09:36:58.023 0             1             ::1             94493958        0                0
900522263       16464387        1               NULL        76001    DIEGO ARMANDO FERNANDES                                      275,8184      2023-03-09 20:23:50.353 NULL                             2022-11-19 08:58:14.687 0             1             ::1             94493958        0                0
900522263       16464845        1               NULL        76001    JEISON CANO                                                  16,6353       2023-01-06 11:39:37.267 NULL                             2022-12-05 10:14:42.160 0             1             ::1             94493958        0                0
900522263       16613920        1               NULL        76001    HELIBERTO LOPEZ                                              36,1261       2023-03-24 21:42:13.277 NULL                             2023-03-09 13:04:54.687 0             1             ::1             94493958        0                0
900522263       16635890        1               NULL        76001    JORGE LUIS PEÑUELA MARIN                                     22,1982       2022-11-21 12:49:40.150 NULL                             2022-11-09 14:50:38.247 0             1             ::1             94493958        0                0
900522263       16652342        1               NULL        76001    JAVIER CASTAÑO                                               68,1149       2023-03-24 23:19:10.383 NULL                             2023-02-22 17:30:18.777 0             1             ::1             94493958        0                0
900522263       16653090        1               NULL        76001    OSCAR ORTIZ                                                  245,3939      2023-03-24 16:02:51.527 NULL                             2022-11-17 12:06:16.413 0             1             ::1             94493958        0                0
900522263       16661367        1               NULL        76001    ORLANDO MELLIZO                                              0             2022-11-30 11:13:24.557 NULL                             2022-11-30 11:13:24.553 0             1             ::1             94493958        0                0
900522263       16683408        1               NULL        91263    OSCAR AGUIRRE                                                42,60767      2023-03-25 08:40:49.667 NULL                             2022-11-16 10:38:26.867 0             1             ::1             94493958        0                0
900522263       16714652        1               NULL        76001    ALFONSO VALENCIA                                             44,5073       2023-03-22 06:27:04.343 NULL                             2022-12-02 09:31:26.997 0             1             ::1             94493958        0                0
900522263       16727437        1               NULL        76892    DIEGO VARONA                                                 122,0633      2023-03-24 20:44:43.720 NULL                             2022-12-29 10:55:53.250 0             1             ::1             94493958        0                0
900522263       16742328        1               NULL        76001    MARINO DE JESUS                                              533,2238      2023-03-25 18:09:05.200 NULL                             2022-12-05 10:12:39.227 0             1             ::1             94493958        0                0
900522263       16758340        1               NULL        76001    DAGO CHAVEZ                                                  99,1079       2023-02-08 13:24:34.670 NULL                             2022-12-03 11:22:09.790 0             1             ::1             94493958        0                0
900522263       16760299        1               NULL        76892    ARBEY MARTINEZ                                               87,42416      2023-03-27 10:28:19.010 NULL                             2022-12-03 11:53:23.383 0             1             ::1             94493958        0                0
900522263       16787418        1               NULL        91263    LUIS CARLOS CAJIAO                                           44,3569       2023-03-27 01:52:53.150 NULL                             2023-03-24 09:40:24.570 0             1             ::1             94493958        0                0
900522263       16804072        1               NULL        76001    YHEISON GONZALES MEGIA                                       535,2115      2023-03-25 09:48:40.133 NULL                             2022-11-19 08:46:10.733 0             1             ::1             94493958        0                0
900522263       16855618        1               NULL        76001    IVAN PALOMINO CARDONA                                        62,61501      2023-03-25 15:37:40.210 NULL                             2022-11-17 18:14:02.457 0             1             ::1             94493958        0                0
900522263       16989876        1               NULL        76892    JHON CARDONA                                                 49,63029      2023-03-24 11:53:56.557 NULL                             2023-01-04 07:31:39.017 0             1             ::1             94493958        0                0
900522263       19119290        1               NULL        76892    DAGOBERTO MONTES                                             50,12318      2023-03-17 07:50:54.893 NULL                             2022-09-28 10:28:53.897 0             1             ::1             94493958        0                0
900522263       2631951         1               NULL        76001    JUAN PABLO LOPEZ                                             0             2022-12-02 09:33:04.523 NULL                             2022-12-02 09:33:04.523 0             1             ::1             94493958        0                0
900522263       29115406        1               NULL        76001    ERICA CARDONA                                                33,2281       2022-12-19 15:32:13.417 NULL                             2022-12-02 08:24:15.613 0             1             ::1             94493958        0                0
900522263       3131566         1               NULL        11001    JOSE QUEMBA                                                  0             2022-09-26 16:36:09.777 NULL                             2022-09-26 16:36:09.760 0             1             ::1             94493958        0                0
900522263       31993829        1               NULL        76001    NORA ISABEL HERRERA                                          0             2022-11-19 09:06:20.927 NULL                             2022-11-19 09:06:20.927 0             1             ::1             94493958        0                0
900522263       3231566         1               0           11001    JOSE QUEMBA                                                  587,8678      2023-02-10 15:09:08.320 NULL                             2022-09-23 14:09:50.193 0             1             ::1             94493958        0                0
900522263       4547541         1               NULL        76001    HECTOR WILLIAM JARAMILLO                                     73,5347       2023-03-23 08:07:08.993 NULL                             2022-11-19 09:08:38.440 0             1             ::1             94493958        0                0
900522263       4663844         1               NULL        76001    REINALDO ORTEGA                                              168,0631      2023-03-24 16:21:59.227 NULL                             2022-11-23 16:04:52.430 0             1             ::1             94493958        0                0
900522263       6054786         1               NULL        76520    BERNARDO VELEZ                                               121,744       2023-03-24 20:40:31.850 NULL                             2023-03-01 17:15:09.160 0             1             ::1             94493958        0                0
900522263       6135624         1               NULL        76001    JOHN WILLIAM DIAZ                                            17,1889       2023-03-27 05:04:01.257 NULL                             2022-11-19 08:54:17.407 0             1             ::1             94493958        0                0
900522263       6382118         1               NULL        76001    JUSTI MARINO                                                 93,94875      2023-03-10 15:12:49.403 NULL                             2022-11-19 11:15:26.020 0             1             ::1             94493958        0                0
900522263       6497887         1               0           76892    Jhon Jairo Mona Nieto                                        117,2608      2023-03-27 12:39:44.343 NULL                             2022-10-21 11:13:24.750 0             1             192.168.1.12    9003745571      0                0
900522263       66771013        1               NULL        76001    MARTHA NARANJO                                               37,53901      2023-03-24 15:51:55.577 NULL                             2022-11-26 13:45:54.437 0             1             ::1             94493958        0                0
900522263       67030496        1               NULL        76001    DIANA LORENA CAMARGO                                         203,4338      2023-03-24 08:12:06.910 NULL                             2023-02-23 13:41:35.573 0             1             ::1             94493958        0                0
900522263       7561750         1               NULL        91263    LUIS FERNANDO IBARRA                                         1218          2023-03-03 12:28:20.783 NULL                             2023-03-03 11:53:13.657 0             1             ::1             94493958        0                0
900522263       76282814        1               NULL        76001    ELADIO FERNANDEZ                                             389,8579      2023-03-25 11:35:40.340 NULL                             2022-11-22 10:28:35.177 0             1             ::1             94493958        0                0
900522263       79346242        1               NULL        63130    WILSSON PAVA ANGARITA                                        87,59689      2023-03-24 11:40:15.593 NULL                             2023-02-02 10:09:28.363 0             1             ::1             94493958        0                0
900522263       79634531        1               NULL        11001    JORGE RUBEN GARAVITO GUTIERREZ                               0             2023-01-18 11:23:45.927 NULL                             2023-01-18 11:23:45.910 0             1             ::1             94493958        0                0
900522263       79741868        1               NULL        76001    HERNANDO PERE                                                0             2022-11-19 09:01:55.273 NULL                             2022-11-19 09:01:55.273 0             1             ::1             94493958        0                0
900522263       80054060        1               NULL        76001    ANGEL MOGICA                                                 361,8234      2023-03-24 21:04:19.773 NULL                             2022-11-19 08:29:40.957 0             1             ::1             94493958        0                0
900522263       80577028        1               NULL        25269    MIGUEL CARRION                                               239,7558      2022-12-13 14:38:53.987 NULL                             2022-11-09 14:15:29.077 0             1             ::1             94493958        0                0
900522263       80811452        1               NULL        76892    DIEGO JESUS TELLEZ ORTIZ                                     127,9825      2023-03-26 08:06:22.663 NULL                             2022-09-22 16:07:57.953 0             1             ::1             94493958        0                0
900522263       9099599         1               NULL        91263    FERNANDO CUADRO JIMENEZ                                      0             2022-09-22 14:11:02.493 NULL                             2022-09-22 14:11:02.487 0             1             ::1             9003745571      0                0
900522263       94070586        1               NULL        91263    HECTOR FABIO ALBA                                            3,2464        2023-03-25 09:25:17.360 NULL                             2023-03-25 09:24:19.163 0             1             ::1             94493958        0                0
900522263       94296392        1               NULL        76001    WILSON GIRALDO MARTINEZ                                      197,7648      2023-03-27 08:02:25.310 NULL                             2022-11-09 09:48:33.537 0             1             ::1             94493958        0                0
900522263       94297046        1               NULL        76001    JAVIER OSORIO POLANIA                                        0             2022-11-19 09:10:54.800 NULL                             2022-11-19 09:10:54.800 0             1             ::1             94493958        0                0
900522263       94313618        1               NULL        76520    JHON JAIRO SALCESO                                           0             2022-11-10 15:48:01.203 NULL                             2022-11-10 15:48:01.190 0             1             ::1             94493958        0                0
900522263       94318370        1               NULL        76520    WILLINGTON VALLEJO LOAIZA                                    1624,925      2023-03-13 08:51:29.727 NULL                             2022-11-09 08:36:02.430 0             1             ::1             94493958        0                0
900522263       94361239        1               NULL        76001    ALBERTO RODRIGUEZ                                            288,2087      2023-03-24 07:53:21.580 NULL                             2022-11-10 17:41:53.163 0             1             ::1             94493958        0                0
900522263       94380091        1               NULL        76001    JAILER CORTES                                                76,4331       2023-03-25 14:29:13.720 NULL                             2023-03-09 12:59:38.880 0             1             ::1             94493958        0                0
900522263       94396916        1               NULL        76001    FREDY MOLINA AGREDA                                          84,961        2022-12-29 16:41:58.207 NULL                             2022-12-06 07:05:01.190 0             1             ::1             94493958        0                0
900522263       94398073        1               NULL        76001    LUIS RAMIREZ                                                 322,8217      2023-03-26 05:58:17.127 NULL                             2022-11-16 15:05:15.930 0             1             ::1             94493958        0                0
900522263       94405525        1               NULL        91263    GUSTAVO LADINO HOLGUIN                                       33,4659       2023-03-27 12:52:35.537 NULL                             2023-03-24 12:29:27.083 0             1             ::1             94493958        0                0
900522263       94412242        1               NULL        76001    MAURICIO MENESES RUIZ                                        243,307       2023-03-27 11:26:08.323 NULL                             2022-11-11 13:11:37.063 0             1             ::1             94493958        0                0
900522263       94424412        1               NULL        76001    GUSTAVO ADOLFO LOPEZ MEDINA                                  387,1711      2023-03-14 19:52:08.480 NULL                             2022-12-21 18:04:10.963 0             1             ::1             94493958        0                0
900522263       94450892        1               NULL        76001    LUIS ALEJANDRO ESTUPIÑAN                                     111,6087      2023-02-14 14:29:05.060 NULL                             2022-11-23 08:57:52.283 0             1             ::1             94493958        0                0
900522263       94451641        1               NULL        76892    JOSE ADELMO TRUJILLO                                         25,159        2023-03-22 11:05:24.383 NULL                             2023-03-21 14:29:03.597 0             1             ::1             94493958        0                0
900522263       94456006        1               NULL        76001    ALEXANDER CATASÑO                                            74,9271       2023-03-06 12:18:18.210 NULL                             2022-12-09 09:15:19.767 0             1             ::1             94493958        0                0
900522263       94489454        1               NULL        76892    EDWIN SANCHEZ                                                52,94833      2023-03-24 11:49:38.493 NULL                             2023-01-03 10:58:47.777 0             1             ::1             94493958        0                0
900522263       94492796        1               NULL        76001    DAVID BOTERO                                                 232,6359      2023-03-15 09:14:12.613 NULL                             2022-12-10 09:52:26.353 0             1             ::1             94493958        0                0
900522263       94503196        1               NULL        76001    ALEJANDRO GARCIA                                             248,2435      2023-03-21 18:14:20.030 NULL                             2022-12-09 10:18:56.687 0             1             ::1             94493958        0                0
900522263       945039378       1               NULL        76001    JAIRO CAICEDO                                                0             2022-11-19 09:17:33.533 NULL                             2022-11-19 09:17:33.533 0             1             ::1             94493958        0                0
900522263       94507564        1               NULL        76001    DIEGO MOZQUERA                                               52,8106       2023-03-27 13:19:36.453 NULL                             2022-11-26 08:30:52.710 0             1             ::1             94493958        0                0
900522263       94525847        1               NULL        76001    MAURICIO POLANCO                                             40,5322       2022-12-20 16:54:51.733 NULL                             2022-11-19 09:04:12.017 0             1             ::1             94493958        0                0
900522263       94535606        1               NULL        76001    LUIS GABRIEL RAMIREZ                                         55,5885       2023-03-24 15:50:29.357 NULL                             2022-11-26 07:30:57.517 0             1             ::1             94493958        0                0
900522263       94539378        1               0           76020    JAIRO CAICEDO                                                639,4258      2023-03-09 05:19:21.017 NULL                             2022-11-19 08:50:59.510 0             1             ::1             94493958        0                0
900522263       94544133        1               NULL        76020    EDWIN DOMINGUEZ                                              187,585       2023-03-25 07:02:56.417 NULL                             2022-09-22 15:48:40.163 0             1             ::1             94493958        0                0

(87 filas afectadas)

